src-tauri/target/release/build/app-cc88b492df3db78d/out/tauri-codegen-assets/00683634a8fe7a538fa49da034214409a51570378251ca9bf6c1e45ae3dde9b0.js(1,1): error TS1490: File appears to be binary.
src-tauri/target/release/build/app-cc88b492df3db78d/out/tauri-codegen-assets/00683634a8fe7a538fa49da034214409a51570378251ca9bf6c1e45ae3dde9b0.js(1,4): error TS1005: ',' expected.
src-tauri/target/release/build/app-cc88b492df3db78d/out/tauri-codegen-assets/00683634a8fe7a538fa49da034214409a51570378251ca9bf6c1e45ae3dde9b0.js(1395,72): error TS1005: ']' expected.
src-tauri/target/release/build/app-cc88b492df3db78d/out/tauri-codegen-assets/3032ba628dba02f2b749d50941e80185524c471da314ad9fbab53e63b193af73.js(1,1): error TS1490: File appears to be binary.
src-tauri/target/release/build/app-cc88b492df3db78d/out/tauri-codegen-assets/3032ba628dba02f2b749d50941e80185524c471da314ad9fbab53e63b193af73.js(1,1): error TS1127: Invalid character.
src-tauri/target/release/build/app-cc88b492df3db78d/out/tauri-codegen-assets/3032ba628dba02f2b749d50941e80185524c471da314ad9fbab53e63b193af73.js(1,3): error TS1127: Invalid character.
src-tauri/target/release/build/app-cc88b492df3db78d/out/tauri-codegen-assets/3032ba628dba02f2b749d50941e80185524c471da314ad9fbab53e63b193af73.js(1,4): error TS1127: Invalid character.
src-tauri/target/release/build/app-cc88b492df3db78d/out/tauri-codegen-assets/3032ba628dba02f2b749d50941e80185524c471da314ad9fbab53e63b193af73.js(1,5): error TS1128: Declaration or statement expected.
src-tauri/target/release/build/app-cc88b492df3db78d/out/tauri-codegen-assets/491ad3a3ae795d0bc993605a26219d13791db5d9bf2d3a2bbe370e0bf107ec90.js(1,1): error TS1490: File appears to be binary.
src-tauri/target/release/build/app-cc88b492df3db78d/out/tauri-codegen-assets/491ad3a3ae795d0bc993605a26219d13791db5d9bf2d3a2bbe370e0bf107ec90.js(1,2): error TS1137: Expression or comma expected.
src-tauri/target/release/build/app-cc88b492df3db78d/out/tauri-codegen-assets/491ad3a3ae795d0bc993605a26219d13791db5d9bf2d3a2bbe370e0bf107ec90.js(1409,150): error TS1005: ']' expected.
src-tauri/target/release/build/app-cc88b492df3db78d/out/tauri-codegen-assets/4e88a1329da3b3d7ee4f5a7c981f75fb568cbe492596ecbf34341cecd584e385.js(1,1): error TS1490: File appears to be binary.
src-tauri/target/release/build/app-cc88b492df3db78d/out/tauri-codegen-assets/4e88a1329da3b3d7ee4f5a7c981f75fb568cbe492596ecbf34341cecd584e385.js(1,1): error TS1127: Invalid character.
src-tauri/target/release/build/app-cc88b492df3db78d/out/tauri-codegen-assets/4e88a1329da3b3d7ee4f5a7c981f75fb568cbe492596ecbf34341cecd584e385.js(1,3): error TS1127: Invalid character.
src-tauri/target/release/build/app-cc88b492df3db78d/out/tauri-codegen-assets/4e88a1329da3b3d7ee4f5a7c981f75fb568cbe492596ecbf34341cecd584e385.js(1,4): error TS1127: Invalid character.
src-tauri/target/release/build/app-cc88b492df3db78d/out/tauri-codegen-assets/4e88a1329da3b3d7ee4f5a7c981f75fb568cbe492596ecbf34341cecd584e385.js(1,5): error TS1128: Declaration or statement expected.
src-tauri/target/release/build/app-cc88b492df3db78d/out/tauri-codegen-assets/568a7d04bdc0dc29125ae62292fadd812261e1ec3ef869fe92b94bb1793cb134.js(1,1): error TS1490: File appears to be binary.
src-tauri/target/release/build/app-cc88b492df3db78d/out/tauri-codegen-assets/568a7d04bdc0dc29125ae62292fadd812261e1ec3ef869fe92b94bb1793cb134.js(1,1): error TS1127: Invalid character.
src-tauri/target/release/build/app-cc88b492df3db78d/out/tauri-codegen-assets/568a7d04bdc0dc29125ae62292fadd812261e1ec3ef869fe92b94bb1793cb134.js(1,5): error TS1127: Invalid character.
src-tauri/target/release/build/app-cc88b492df3db78d/out/tauri-codegen-assets/568a7d04bdc0dc29125ae62292fadd812261e1ec3ef869fe92b94bb1793cb134.js(1,6): error TS1128: Declaration or statement expected.
src-tauri/target/release/build/app-cc88b492df3db78d/out/tauri-codegen-assets/6a0e119d080f6ba0bdc8b44a648d43ffcc100e0a3a6b26b1ea7c2c2172be791c.js(1,1): error TS1490: File appears to be binary.
src-tauri/target/release/build/app-cc88b492df3db78d/out/tauri-codegen-assets/6a0e119d080f6ba0bdc8b44a648d43ffcc100e0a3a6b26b1ea7c2c2172be791c.js(1,5): error TS1127: Invalid character.
src-tauri/target/release/build/app-cc88b492df3db78d/out/tauri-codegen-assets/6a0e119d080f6ba0bdc8b44a648d43ffcc100e0a3a6b26b1ea7c2c2172be791c.js(1,10): error TS1127: Invalid character.
src-tauri/target/release/build/app-cc88b492df3db78d/out/tauri-codegen-assets/6a0e119d080f6ba0bdc8b44a648d43ffcc100e0a3a6b26b1ea7c2c2172be791c.js(1,13): error TS1005: ',' expected.
src-tauri/target/release/build/app-cc88b492df3db78d/out/tauri-codegen-assets/6a0e119d080f6ba0bdc8b44a648d43ffcc100e0a3a6b26b1ea7c2c2172be791c.js(401,1): error TS1005: ']' expected.
src-tauri/target/release/build/app-cc88b492df3db78d/out/tauri-codegen-assets/7365dea917f92c690bb4ec5f47d9c2033886b6ab38b7c48c8efccf257785dcc6.js(1,1): error TS1490: File appears to be binary.
src-tauri/target/release/build/app-cc88b492df3db78d/out/tauri-codegen-assets/7365dea917f92c690bb4ec5f47d9c2033886b6ab38b7c48c8efccf257785dcc6.js(1,5): error TS1127: Invalid character.
src-tauri/target/release/build/app-cc88b492df3db78d/out/tauri-codegen-assets/7365dea917f92c690bb4ec5f47d9c2033886b6ab38b7c48c8efccf257785dcc6.js(1,10): error TS1127: Invalid character.
src-tauri/target/release/build/app-cc88b492df3db78d/out/tauri-codegen-assets/7365dea917f92c690bb4ec5f47d9c2033886b6ab38b7c48c8efccf257785dcc6.js(1,13): error TS1005: ',' expected.
src-tauri/target/release/build/app-cc88b492df3db78d/out/tauri-codegen-assets/7365dea917f92c690bb4ec5f47d9c2033886b6ab38b7c48c8efccf257785dcc6.js(401,1): error TS1005: ']' expected.
src-tauri/target/release/build/app-cc88b492df3db78d/out/tauri-codegen-assets/862b64ac7cafeb91f8f53909d40baf9a6c461e8dd4bac0a33cedda3a3870ee52.js(1,1): error TS1490: File appears to be binary.
src-tauri/target/release/build/app-cc88b492df3db78d/out/tauri-codegen-assets/862b64ac7cafeb91f8f53909d40baf9a6c461e8dd4bac0a33cedda3a3870ee52.js(1,2): error TS1137: Expression or comma expected.
src-tauri/target/release/build/app-cc88b492df3db78d/out/tauri-codegen-assets/862b64ac7cafeb91f8f53909d40baf9a6c461e8dd4bac0a33cedda3a3870ee52.js(1428,238): error TS1005: ']' expected.
src-tauri/target/release/build/app-cc88b492df3db78d/out/tauri-codegen-assets/87a3f89abbb9bd2e7caa09a8d1d2ee679cbd93f45cd9a0e61ab7d6204ae2a346.js(1,1): error TS1490: File appears to be binary.
src-tauri/target/release/build/app-cc88b492df3db78d/out/tauri-codegen-assets/87a3f89abbb9bd2e7caa09a8d1d2ee679cbd93f45cd9a0e61ab7d6204ae2a346.js(1,5): error TS1127: Invalid character.
src-tauri/target/release/build/app-cc88b492df3db78d/out/tauri-codegen-assets/87a3f89abbb9bd2e7caa09a8d1d2ee679cbd93f45cd9a0e61ab7d6204ae2a346.js(1,10): error TS1127: Invalid character.
src-tauri/target/release/build/app-cc88b492df3db78d/out/tauri-codegen-assets/87a3f89abbb9bd2e7caa09a8d1d2ee679cbd93f45cd9a0e61ab7d6204ae2a346.js(1,13): error TS1005: ',' expected.
src-tauri/target/release/build/app-cc88b492df3db78d/out/tauri-codegen-assets/87a3f89abbb9bd2e7caa09a8d1d2ee679cbd93f45cd9a0e61ab7d6204ae2a346.js(374,582): error TS1005: ']' expected.
src-tauri/target/release/build/app-cc88b492df3db78d/out/tauri-codegen-assets/a1152a0ad3670607b94ddcc6233475a0eaa0b41cfa363f0f45acf2308ad137a6.js(1,1): error TS1127: Invalid character.
src-tauri/target/release/build/app-cc88b492df3db78d/out/tauri-codegen-assets/a1152a0ad3670607b94ddcc6233475a0eaa0b41cfa363f0f45acf2308ad137a6.js(1,2): error TS1128: Declaration or statement expected.
src-tauri/target/release/build/app-cc88b492df3db78d/out/tauri-codegen-assets/b4f6796a7f0465b2f14cf26649e06cec8d3950a51e1570ac171f760e69192b77.js(1,1): error TS1127: Invalid character.
src-tauri/target/release/build/app-cc88b492df3db78d/out/tauri-codegen-assets/b4f6796a7f0465b2f14cf26649e06cec8d3950a51e1570ac171f760e69192b77.js(1,2): error TS1128: Declaration or statement expected.
src-tauri/target/release/build/app-cc88b492df3db78d/out/tauri-codegen-assets/f1d4f14e99f4630a270b2e9de30333278adea159d48c98341d4683067f2d2d34.js(1,1): error TS1127: Invalid character.
src-tauri/target/release/build/app-cc88b492df3db78d/out/tauri-codegen-assets/f1d4f14e99f4630a270b2e9de30333278adea159d48c98341d4683067f2d2d34.js(1,2): error TS1128: Declaration or statement expected.
